<!DOCTYPE html>
<html><head><meta charset="UTF-8"><meta name="pdf:PDFVersion" content="1.3"><meta name="X-Parsed-By" content="org.apache.tika.parser.DefaultParser"><meta name="X-Parsed-By" content="org.apache.tika.parser.pdf.PDFParser"><meta name="access_permission:modify_annotations" content="true"><meta name="access_permission:can_print_degraded" content="true"><meta name="access_permission:extract_for_accessibility" content="true"><meta name="access_permission:assemble_document" content="true"><meta name="xmpTPg:NPages" content="2"><meta name="resourceName" content="embedded.pdf"><meta name="dc:format" content="application/pdf; version=1.3"><meta name="access_permission:extract_content" content="true"><meta name="access_permission:can_print" content="true"><meta name="access_permission:fill_in_form" content="true"><meta name="pdf:encrypted" content="false"><meta name="Content-Length" content="49779"><meta name="access_permission:can_modify" content="true"><meta name="Content-Type" content="application/pdf"><title></title></head><body><div class="page"><p></p><img src="embedded:image0.png" alt="image0.png"><div>HEAVY
METAL

</div></div><div class="page"><p></p><img src="embedded:image1.png" alt="image1.png"><div>HEAVY
METAL

</div></div></body></html>
