<!DOCTYPE html>
<html><head><meta charset="UTF-8"><meta name="pdf:PDFVersion" content="1.3"><meta name="pdf:docinfo:title" content="simple.tiff"><meta name="xmp:CreatorTool" content="Preview"><meta name="pdf:hasXFA" content="false"><meta name="access_permission:modify_annotations" content="true"><meta name="dcterms:created" content="2015-06-11T23:22:36Z"><meta name="dcterms:modified" content="2015-06-11T23:22:36Z"><meta name="dc:format" content="application/pdf; version=1.3"><meta name="pdf:docinfo:creator_tool" content="Preview"><meta name="access_permission:fill_in_form" content="true"><meta name="pdf:docinfo:modified" content="2015-06-11T23:22:36Z"><meta name="pdf:hasCollection" content="false"><meta name="pdf:encrypted" content="false"><meta name="dc:title" content="simple.tiff"><meta name="Content-Length" content="49779"><meta name="pdf:hasMarkedContent" content="false"><meta name="Content-Type" content="application/pdf"><meta name="access_permission:can_print_faithful" content="true"><meta name="pdf:producer" content="Mac OS X 10.10.3 Quartz PDFContext"><meta name="X-TIKA:digest:SHA256" content="0b1d64039d870e3a067027ff2c321ee238bb39bbf2598ed8aa77016156bfad59"><meta name="access_permission:extract_for_accessibility" content="true"><meta name="access_permission:assemble_document" content="true"><meta name="xmpTPg:NPages" content="2"><meta name="resourceName" content="embedded.pdf"><meta name="pdf:hasXMP" content="false"><meta name="Tika-Version" content="Apache Tika 3.1.0"><meta name="access_permission:extract_content" content="true"><meta name="access_permission:can_print" content="true"><meta name="X-TIKA:Parsed-By" content="org.apache.tika.parser.DefaultParser"><meta name="X-TIKA:Parsed-By" content="org.apache.tika.parser.pdf.PDFParser"><meta name="access_permission:can_modify" content="true"><meta name="pdf:docinfo:producer" content="Mac OS X 10.10.3 Quartz PDFContext"><meta name="pdf:docinfo:created" content="2015-06-11T23:22:36Z"><title>simple.tiff</title></head><body><div class="page"><p></p><img src="embedded:image0.png" alt="image0.png"><div class="ocr">HEAVY
METAL
</div></div><div class="page"><p></p><img src="embedded:image1.png" alt="image1.png"><div class="ocr">HEAVY
METAL
</div></div></body></html>
