<!DOCTYPE html>
<html><head><meta charset="UTF-8"><meta name="date" content="2015-06-11T23:22:36Z"><meta name="pdf:PDFVersion" content="1.3"><meta name="xmp:CreatorTool" content="Preview"><meta name="access_permission:modify_annotations" content="true"><meta name="access_permission:can_print_degraded" content="true"><meta name="dcterms:created" content="2015-06-11T23:22:36Z"><meta name="Last-Modified" content="2015-06-11T23:22:36Z"><meta name="dcterms:modified" content="2015-06-11T23:22:36Z"><meta name="dc:format" content="application/pdf; version=1.3"><meta name="Last-Save-Date" content="2015-06-11T23:22:36Z"><meta name="access_permission:fill_in_form" content="true"><meta name="meta:save-date" content="2015-06-11T23:22:36Z"><meta name="pdf:encrypted" content="false"><meta name="dc:title" content="simple.tiff"><meta name="modified" content="2015-06-11T23:22:36Z"><meta name="Content-Length" content="49779"><meta name="Content-Type" content="application/pdf"><meta name="X-Parsed-By" content="org.apache.tika.parser.DefaultParser"><meta name="X-Parsed-By" content="org.apache.tika.parser.pdf.PDFParser"><meta name="meta:creation-date" content="2015-06-11T23:22:36Z"><meta name="created" content="Fri Jun 12 01:22:36 CEST 2015"><meta name="access_permission:extract_for_accessibility" content="true"><meta name="access_permission:assemble_document" content="true"><meta name="xmpTPg:NPages" content="2"><meta name="Creation-Date" content="2015-06-11T23:22:36Z"><meta name="resourceName" content="embedded.pdf"><meta name="access_permission:extract_content" content="true"><meta name="access_permission:can_print" content="true"><meta name="producer" content="Mac OS X 10.10.3 Quartz PDFContext"><meta name="access_permission:can_modify" content="true"><title>simple.tiff</title></head><body><div class="page"><p></p><img src="embedded:image0.png" alt="image0.png"><div>HEAVY
METAL

</div></div><div class="page"><p></p><img src="embedded:image1.png" alt="image1.png"><div>HEAVY
METAL

</div></div></body></html>
