<!DOCTYPE html>
<html><head><meta charset="UTF-8"><meta name="X-TIKA:Parsed-By" content="org.apache.tika.parser.DefaultParser"><meta name="X-TIKA:Parsed-By" content="org.apache.tika.parser.csv.TextAndCSVParser"><meta name="X-TIKA:digest:SHA256" content="cfb0d68f4c89b07f356bc076ec21ce443402dcd030d63c722bf90bdf9f7dd4a0"><meta name="Content-Encoding" content="UTF-16LE"><meta name="resourceName" content="utf16.txt"><meta name="X-TIKA:detectedEncoding" content="UTF-16LE"><meta name="Tika-Version" content="Apache Tika 3.1.0"><meta name="Content-Length" content="34"><meta name="X-TIKA:encodingDetector" content="UniversalEncodingDetector"><meta name="Content-Type" content="text/plain; charset=UTF-16LE"><title></title></head><body><p>This is a test.
</p></body></html>
