<!DOCTYPE html>
<html><head><meta charset="UTF-8"><meta name="X-Parsed-By" content="org.apache.tika.parser.DefaultParser"><meta name="X-Parsed-By" content="org.apache.tika.parser.txt.TXTParser"><meta name="Content-Encoding" content="UTF-16LE"><meta name="resourceName" content="utf16.txt"><meta name="Content-Length" content="34"><meta name="Content-Type" content="text/plain; charset=UTF-16LE"><title></title></head><body><p>This is a test.
</p></body></html>
